// Jest Snapshot v1, https://goo.gl/fbAQLP

exports[`Logo Snapshot 1`] = `
<div
  class="VueToNuxtLogo"
>
  <div
    class="Triangle Triangle--two"
  />
  <div
    class="Triangle Triangle--one"
  />
  <div
    class="Triangle Triangle--three"
  />
  <div
    class="Triangle Triangle--four"
  />
</div>
`;
